done M09-D10-PIN01 NCDE 00:36:49
done M10-D10-PIN01 NCDE 00:37:11
done M01-D10-PIN01 NCDE 00:38:18
done M02-D10-PIN01 NCDE 00:38:53
done M12-D10-PIN01 NCDE 00:42:27
done M11-D10-PIN01 NCDE 00:43:09
done M04-D10-PIN01 NCDE 00:44:17
done M13-D10-PIN01 NCDE 00:47:01
done M03-D10-PIN01 NCDE 00:47:48
done M06-D10-PIN01 NCDE 00:48:27
done M05-D10-PIN01 NCDE 00:48:49
done M14-D10-PIN01 NCDE 00:49:46
done M16-D10-PIN01 NCDE 00:54:22
done M15-D10-PIN01 NCDE 00:55:00
done M08-D10-PIN01 NCDE 00:56:42
done M09-D10-PIN01 r3pso 00:57:05
done M01-D10-PIN01 r3pso 00:57:57
done M10-D10-PIN01 r3pso 00:59:27
done M07-D10-PIN01 NCDE 00:59:48
done M02-D10-PIN01 r3pso 01:00:46
done M12-D10-PIN01 r3pso 01:03:29
done M11-D10-PIN01 r3pso 01:04:33
done M04-D10-PIN01 r3pso 01:04:44
done M13-D10-PIN01 r3pso 01:07:33
done M03-D10-PIN01 r3pso 01:07:36
done M06-D10-PIN01 r3pso 01:08:01
done M05-D10-PIN01 r3pso 01:08:54
done M14-D10-PIN01 r3pso 01:09:30
done M16-D10-PIN01 r3pso 01:13:13
done M15-D10-PIN01 r3pso 01:13:45
done M09-D10-PIN01 r3pso-p400 01:15:47
done M08-D10-PIN01 r3pso 01:15:48
done M01-D10-PIN01 r3pso-p400 01:16:41
done M10-D10-PIN01 r3pso-p400 01:18:04
done M07-D10-PIN01 r3pso 01:18:05
Terminated
FAILED M04-D10-PIN01 r3pso-p400 01:18:10
Terminated
FAILED M11-D10-PIN01 r3pso-p400 01:18:10
Terminated
FAILED M03-D10-PIN01 r3pso-p400 01:18:10
Terminated
FAILED M02-D10-PIN01 r3pso-p400 01:18:10
Terminated
Terminated
FAILED M13-D10-PIN01 r3pso-p400 01:18:35
FAILED M05-D10-PIN01 r3pso-p400 01:18:35
Terminated
FAILED M06-D10-PIN01 r3pso-p400 01:18:35
Terminated
FAILED M12-D10-PIN01 r3pso-p400 01:18:35
environment: line 1:  2899 Killed                  python3 scripts/niching_baseline.py --funcs "$name" --methods "$meth" --evals-frac 1.0 --seeds 1 --seed-offset 0 --report-rule current --csv "$OUT/by_problem/${name}_${meth}.csv" > "$OUT/by_problem/${name}_${meth}.log" 2>&1
environment: line 1:  2905 Killed                  python3 scripts/niching_baseline.py --funcs "$name" --methods "$meth" --evals-frac 1.0 --seeds 1 --seed-offset 0 --report-rule current --csv "$OUT/by_problem/${name}_${meth}.csv" > "$OUT/by_problem/${name}_${meth}.log" 2>&1
environment: line 1:  2902 Killed                  python3 scripts/niching_baseline.py --funcs "$name" --methods "$meth" --evals-frac 1.0 --seeds 1 --seed-offset 0 --report-rule current --csv "$OUT/by_problem/${name}_${meth}.csv" > "$OUT/by_problem/${name}_${meth}.log" 2>&1
FAILED M15-D10-PIN01 r3pso-p400 01:18:43
FAILED M07-D10-PIN01 r3pso-p400 01:18:43
environment: line 1:  2898 Killed                  python3 scripts/niching_baseline.py --funcs "$name" --methods "$meth" --evals-frac 1.0 --seeds 1 --seed-offset 0 --report-rule current --csv "$OUT/by_problem/${name}_${meth}.csv" > "$OUT/by_problem/${name}_${meth}.log" 2>&1
FAILED M08-D10-PIN01 r3pso-p400 01:18:43
FAILED M14-D10-PIN01 r3pso-p400 01:18:43
environment: line 1:  2929 Killed                  python3 scripts/niching_baseline.py --funcs "$name" --methods "$meth" --evals-frac 1.0 --seeds 1 --seed-offset 0 --report-rule current --csv "$OUT/by_problem/${name}_${meth}.csv" > "$OUT/by_problem/${name}_${meth}.log" 2>&1
FAILED M16-D10-PIN01 r3pso-p400 01:19:11
