########## rl_N13-CF3-2D.log ##########
peak ratio on the reported set, 3 seeds, budget = 1 x suite

function            method        rule        K  evals/K  |rep|   1e-1  1e-2  1e-3  1e-4  1e-5     mean     s
---------------------------------------------------------------------------------------------------
N13-CF3-2D          Restart-Landercurrent     6    33333    100    0.67   0.67   0.67   0.67   0.67    0.667    77

rows written to analysis/mmo2024/e170/rl_N13-CF3-2D.csv

########## rl_N14-CF3-3D.log ##########
peak ratio on the reported set, 3 seeds, budget = 1 x suite

function            method        rule        K  evals/K  |rep|   1e-1  1e-2  1e-3  1e-4  1e-5     mean     s
---------------------------------------------------------------------------------------------------
N14-CF3-3D          Restart-Landercurrent     6    66667    100    0.67   0.67   0.67   0.67   0.67    0.667   128

rows written to analysis/mmo2024/e170/rl_N14-CF3-3D.csv

########## rl_N16-CF3-5D.log ##########
peak ratio on the reported set, 3 seeds, budget = 1 x suite

function            method        rule        K  evals/K  |rep|   1e-1  1e-2  1e-3  1e-4  1e-5     mean     s
---------------------------------------------------------------------------------------------------
N16-CF3-5D          Restart-Landercurrent     6    66667    100    0.67   0.67   0.67   0.67   0.67    0.667   134

rows written to analysis/mmo2024/e170/rl_N16-CF3-5D.csv

########## null_N13-CF3-2D.log ##########
N13-CF3-2D: dim 2, box [-5.0, 5.0], K = 6

== geometric (Voronoi) null, 200000 uniform draws
  opt 0: share 0.1380 +- 0.0015 (95% CI)
  opt 1: share 0.1333 +- 0.0015 (95% CI)
  opt 2: share 0.2238 +- 0.0018 (95% CI)
  opt 3: share 0.1916 +- 0.0017 (95% CI)
  opt 4: share 0.2043 +- 0.0018 (95% CI)
  opt 5: share 0.1090 +- 0.0014 (95% CI)

== descent null: 2000 draws, 1499 evals each, sigma0 = 2.0, isotropic
  2000 descents in 224.6s
  rows written to analysis/mmo2024/e170/null/N13-CF3-2D_iso.csv.gz
  opt 0: share 0.2205 +- 0.0182  (geo 0.1380)
  opt 1: share 0.0900 +- 0.0125  (geo 0.1333)
  opt 2: share 0.0055 +- 0.0032  (geo 0.2238)
  opt 3: share 0.0000 +- 0.0000  (geo 0.1916)
  opt 4: share 0.5230 +- 0.0219  (geo 0.2043)
  opt 5: share 0.1610 +- 0.0161  (geo 0.1090)
  descent endpoint: median dist 0.0000, median f 0, frac f <= 0.1 0.918

########## null_N14-CF3-3D.log ##########
N14-CF3-3D: dim 3, box [-5.0, 5.0], K = 6

== geometric (Voronoi) null, 200000 uniform draws
  opt 0: share 0.1826 +- 0.0017 (95% CI)
  opt 1: share 0.1904 +- 0.0017 (95% CI)
  opt 2: share 0.1451 +- 0.0015 (95% CI)
  opt 3: share 0.2231 +- 0.0018 (95% CI)
  opt 4: share 0.1815 +- 0.0017 (95% CI)
  opt 5: share 0.0773 +- 0.0012 (95% CI)

== descent null: 2000 draws, 1499 evals each, sigma0 = 2.0, isotropic
  2000 descents in 267.5s
  rows written to analysis/mmo2024/e170/null/N14-CF3-3D_iso.csv.gz
  opt 0: share 0.2950 +- 0.0200  (geo 0.1826)
  opt 1: share 0.1040 +- 0.0134  (geo 0.1904)
  opt 2: share 0.0010 +- 0.0014  (geo 0.1451)
  opt 3: share 0.0000 +- 0.0000  (geo 0.2231)
  opt 4: share 0.2875 +- 0.0198  (geo 0.1815)
  opt 5: share 0.3125 +- 0.0203  (geo 0.0773)
  descent endpoint: median dist 0.0000, median f 0, frac f <= 0.1 0.961

########## null_N16-CF3-5D.log ##########
N16-CF3-5D: dim 5, box [-5.0, 5.0], K = 6

== geometric (Voronoi) null, 200000 uniform draws
  opt 0: share 0.1742 +- 0.0017 (95% CI)
  opt 1: share 0.1059 +- 0.0013 (95% CI)
  opt 2: share 0.1329 +- 0.0015 (95% CI)
  opt 3: share 0.2616 +- 0.0019 (95% CI)
  opt 4: share 0.2225 +- 0.0018 (95% CI)
  opt 5: share 0.1029 +- 0.0013 (95% CI)

== descent null: 2000 draws, 1499 evals each, sigma0 = 2.0, isotropic
  2000 descents in 348.2s
  rows written to analysis/mmo2024/e170/null/N16-CF3-5D_iso.csv.gz
  opt 0: share 0.2095 +- 0.0178  (geo 0.1742)
  opt 1: share 0.2125 +- 0.0179  (geo 0.1059)
  opt 2: share 0.0005 +- 0.0010  (geo 0.1329)
  opt 3: share 0.0005 +- 0.0010  (geo 0.2616)
  opt 4: share 0.1185 +- 0.0142  (geo 0.2225)
  opt 5: share 0.4585 +- 0.0218  (geo 0.1029)
  descent endpoint: median dist 0.0000, median f 4.561e-13, frac f <= 0.1 0.949

########## null01_N13-CF3-2D.log ##########
N13-CF3-2D: dim 2, box [-5.0, 5.0], K = 6

== geometric (Voronoi) null, 1000 uniform draws
  opt 0: share 0.1340 +- 0.0211 (95% CI)
  opt 1: share 0.1210 +- 0.0202 (95% CI)
  opt 2: share 0.2420 +- 0.0265 (95% CI)
  opt 3: share 0.1760 +- 0.0236 (95% CI)
  opt 4: share 0.2130 +- 0.0254 (95% CI)
  opt 5: share 0.1140 +- 0.0197 (95% CI)

== descent null: 2000 draws, 12500 evals each, sigma0 = 1.0, isotropic
  2000 descents in 142.3s
  rows written to analysis/mmo2024/e170/null/N13-CF3-2D_iso_s01.csv
  opt 0: share 0.2270 +- 0.0184  (geo 0.1340)
  opt 1: share 0.0710 +- 0.0113  (geo 0.1210)
  opt 2: share 0.0525 +- 0.0098  (geo 0.2420)
  opt 3: share 0.0055 +- 0.0032  (geo 0.1760)
  opt 4: share 0.4685 +- 0.0219  (geo 0.2130)
  opt 5: share 0.1755 +- 0.0167  (geo 0.1140)
  descent endpoint: median dist 0.0000, median f 0, frac f <= 0.1 0.886

########## null01_N14-CF3-3D.log ##########
N14-CF3-3D: dim 3, box [-5.0, 5.0], K = 6

== geometric (Voronoi) null, 1000 uniform draws
  opt 0: share 0.1750 +- 0.0236 (95% CI)
  opt 1: share 0.1970 +- 0.0247 (95% CI)
  opt 2: share 0.1270 +- 0.0206 (95% CI)
  opt 3: share 0.2420 +- 0.0265 (95% CI)
  opt 4: share 0.1870 +- 0.0242 (95% CI)
  opt 5: share 0.0720 +- 0.0160 (95% CI)

== descent null: 2000 draws, 12500 evals each, sigma0 = 1.0, isotropic
  2000 descents in 191.3s
  rows written to analysis/mmo2024/e170/null/N14-CF3-3D_iso_s01.csv
  opt 0: share 0.2700 +- 0.0195  (geo 0.1750)
  opt 1: share 0.1275 +- 0.0146  (geo 0.1970)
  opt 2: share 0.0345 +- 0.0080  (geo 0.1270)
  opt 3: share 0.0040 +- 0.0028  (geo 0.2420)
  opt 4: share 0.3120 +- 0.0203  (geo 0.1870)
  opt 5: share 0.2520 +- 0.0190  (geo 0.0720)
  descent endpoint: median dist 0.0000, median f 0, frac f <= 0.1 0.932

########## null01_N16-CF3-5D.log ##########
N16-CF3-5D: dim 5, box [-5.0, 5.0], K = 6

== geometric (Voronoi) null, 1000 uniform draws
  opt 0: share 0.1730 +- 0.0234 (95% CI)
  opt 1: share 0.1090 +- 0.0193 (95% CI)
  opt 2: share 0.1380 +- 0.0214 (95% CI)
  opt 3: share 0.2580 +- 0.0271 (95% CI)
  opt 4: share 0.2280 +- 0.0260 (95% CI)
  opt 5: share 0.0940 +- 0.0181 (95% CI)

== descent null: 2000 draws, 12500 evals each, sigma0 = 1.0, isotropic
  2000 descents in 308.1s
  rows written to analysis/mmo2024/e170/null/N16-CF3-5D_iso_s01.csv
  opt 0: share 0.1990 +- 0.0175  (geo 0.1730)
  opt 1: share 0.1440 +- 0.0154  (geo 0.1090)
  opt 2: share 0.0255 +- 0.0069  (geo 0.1380)
  opt 3: share 0.0130 +- 0.0050  (geo 0.2580)
  opt 4: share 0.2165 +- 0.0181  (geo 0.2280)
  opt 5: share 0.4020 +- 0.0215  (geo 0.0940)
  descent endpoint: median dist 0.0000, median f 0, frac f <= 0.1 0.918

