
=== N19-CF4-10D  D=10  K=8  rho=0.01  budget=400000  (97s) ===
1. budget accounting : real objective calls = 400000 / 400000 given   (1.0000 of budget)
2. reporting         : modes kept by wrapper = 675, harness cap = 100, cap binding = True
3. search reach per optimum (whole history, uncapped):
    opt    min dist    best f in rho-ball   pts in rho-ball
      0      5.0113                   inf                 0
      1      5.0434                   inf                 0
      2      0.0000           4.25539e-09              2658
      3      2.1221                   inf                 0
      4      4.2960                   inf                 0
      5      4.5084                   inf                 0
      6      0.0215                   inf                 0
      7      0.0876                   inf                 0
   history-supremum PR: 1e-01=0.125  1e-03=0.125  1e-05=0.125
   reported modes within rho of some optimum (any f): 1/8

=== N18-CF3-10D  D=10  K=6  rho=0.01  budget=400000  (62s) ===
1. budget accounting : real objective calls = 400000 / 400000 given   (1.0000 of budget)
2. reporting         : modes kept by wrapper = 327, harness cap = 100, cap binding = True
3. search reach per optimum (whole history, uncapped):
    opt    min dist    best f in rho-ball   pts in rho-ball
      0      1.5410                   inf                 0
      1      0.0000            2.0975e-12              4372
      2      2.9480                   inf                 0
      3      3.6312                   inf                 0
      4      0.0000           1.33061e-09              3410
      5      0.0000           5.32547e-12              3601
   history-supremum PR: 1e-01=0.500  1e-03=0.500  1e-05=0.500
   reported modes within rho of some optimum (any f): 3/6
