N14-CF3-3D: dim 3, box [-5.0, 5.0], K = 6

== geometric (Voronoi) null, 1000 uniform draws
  opt 0: share 0.1750 +- 0.0236 (95% CI)
  opt 1: share 0.1970 +- 0.0247 (95% CI)
  opt 2: share 0.1270 +- 0.0206 (95% CI)
  opt 3: share 0.2420 +- 0.0265 (95% CI)
  opt 4: share 0.1870 +- 0.0242 (95% CI)
  opt 5: share 0.0720 +- 0.0160 (95% CI)

== descent null: 600 draws, 1499 evals each, sigma0 = 2.0, isotropic
  600 descents in 33.6s
  rows written to analysis/mmo2024/e171/null/N14-CF3-3D_base.csv
  opt 0: share 0.3000 +- 0.0367  (geo 0.1750)
  opt 1: share 0.1083 +- 0.0249  (geo 0.1970)
  opt 2: share 0.0000 +- 0.0000  (geo 0.1270)
  opt 3: share 0.0000 +- 0.0000  (geo 0.2420)
  opt 4: share 0.2750 +- 0.0357  (geo 0.1870)
  opt 5: share 0.3167 +- 0.0372  (geo 0.0720)
  descent endpoint: median dist 0.0000, median f 0, frac f <= 0.1 0.970
N14-CF3-3D: dim 3, box [-5.0, 5.0], K = 6

== geometric (Voronoi) null, 1000 uniform draws
  opt 0: share 0.1750 +- 0.0236 (95% CI)
  opt 1: share 0.1970 +- 0.0247 (95% CI)
  opt 2: share 0.1270 +- 0.0206 (95% CI)
  opt 3: share 0.2420 +- 0.0265 (95% CI)
  opt 4: share 0.1870 +- 0.0242 (95% CI)
  opt 5: share 0.0720 +- 0.0160 (95% CI)

== descent null: 600 draws, 12500 evals each, sigma0 = 1.0, isotropic
  600 descents in 93.2s
  rows written to analysis/mmo2024/e171/null/N14-CF3-3D_rl.csv
  opt 0: share 0.2783 +- 0.0359  (geo 0.1750)
  opt 1: share 0.1250 +- 0.0265  (geo 0.1970)
  opt 2: share 0.0283 +- 0.0133  (geo 0.1270)
  opt 3: share 0.0067 +- 0.0065  (geo 0.2420)
  opt 4: share 0.3000 +- 0.0367  (geo 0.1870)
  opt 5: share 0.2617 +- 0.0352  (geo 0.0720)
  descent endpoint: median dist 0.0000, median f 0, frac f <= 0.1 0.933
N15-CF4-3D: dim 3, box [-5.0, 5.0], K = 8

== geometric (Voronoi) null, 1000 uniform draws
  opt 0: share 0.1750 +- 0.0236 (95% CI)
  opt 1: share 0.1830 +- 0.0240 (95% CI)
  opt 2: share 0.1270 +- 0.0206 (95% CI)
  opt 3: share 0.2000 +- 0.0248 (95% CI)
  opt 4: share 0.1480 +- 0.0220 (95% CI)
  opt 5: share 0.0490 +- 0.0134 (95% CI)
  opt 6: share 0.0410 +- 0.0123 (95% CI)
  opt 7: share 0.0770 +- 0.0165 (95% CI)

== descent null: 600 draws, 1499 evals each, sigma0 = 2.0, isotropic
  600 descents in 44.1s
  rows written to analysis/mmo2024/e171/null/N15-CF4-3D_base.csv
  opt 0: share 0.0083 +- 0.0073  (geo 0.1750)
  opt 1: share 0.0817 +- 0.0219  (geo 0.1830)
  opt 2: share 0.2783 +- 0.0359  (geo 0.1270)
  opt 3: share 0.0233 +- 0.0121  (geo 0.2000)
  opt 4: share 0.0000 +- 0.0000  (geo 0.1480)
  opt 5: share 0.0000 +- 0.0000  (geo 0.0490)
  opt 6: share 0.0483 +- 0.0172  (geo 0.0410)
  opt 7: share 0.5600 +- 0.0397  (geo 0.0770)
  descent endpoint: median dist 0.1349, median f 3.321, frac f <= 0.1 0.408
N15-CF4-3D: dim 3, box [-5.0, 5.0], K = 8

== geometric (Voronoi) null, 1000 uniform draws
  opt 0: share 0.1750 +- 0.0236 (95% CI)
  opt 1: share 0.1830 +- 0.0240 (95% CI)
  opt 2: share 0.1270 +- 0.0206 (95% CI)
  opt 3: share 0.2000 +- 0.0248 (95% CI)
  opt 4: share 0.1480 +- 0.0220 (95% CI)
  opt 5: share 0.0490 +- 0.0134 (95% CI)
  opt 6: share 0.0410 +- 0.0123 (95% CI)
  opt 7: share 0.0770 +- 0.0165 (95% CI)

== descent null: 600 draws, 12500 evals each, sigma0 = 1.0, isotropic
  600 descents in 149.1s
  rows written to analysis/mmo2024/e171/null/N15-CF4-3D_rl.csv
  opt 0: share 0.0483 +- 0.0172  (geo 0.1750)
  opt 1: share 0.1250 +- 0.0265  (geo 0.1830)
  opt 2: share 0.2300 +- 0.0337  (geo 0.1270)
  opt 3: share 0.1067 +- 0.0247  (geo 0.2000)
  opt 4: share 0.0000 +- 0.0000  (geo 0.1480)
  opt 5: share 0.0017 +- 0.0033  (geo 0.0490)
  opt 6: share 0.0567 +- 0.0185  (geo 0.0410)
  opt 7: share 0.4317 +- 0.0396  (geo 0.0770)
  descent endpoint: median dist 0.0000, median f 0, frac f <= 0.1 0.505
N16-CF3-5D: dim 5, box [-5.0, 5.0], K = 6

== geometric (Voronoi) null, 1000 uniform draws
  opt 0: share 0.1730 +- 0.0234 (95% CI)
  opt 1: share 0.1090 +- 0.0193 (95% CI)
  opt 2: share 0.1380 +- 0.0214 (95% CI)
  opt 3: share 0.2580 +- 0.0271 (95% CI)
  opt 4: share 0.2280 +- 0.0260 (95% CI)
  opt 5: share 0.0940 +- 0.0181 (95% CI)

== descent null: 600 draws, 1499 evals each, sigma0 = 2.0, isotropic
  600 descents in 97.0s
  rows written to analysis/mmo2024/e171/null/N16-CF3-5D_base.csv
  opt 0: share 0.2083 +- 0.0325  (geo 0.1730)
  opt 1: share 0.2267 +- 0.0335  (geo 0.1090)
  opt 2: share 0.0017 +- 0.0033  (geo 0.1380)
  opt 3: share 0.0017 +- 0.0033  (geo 0.2580)
  opt 4: share 0.1083 +- 0.0249  (geo 0.2280)
  opt 5: share 0.4533 +- 0.0398  (geo 0.0940)
  descent endpoint: median dist 0.0000, median f 4.561e-13, frac f <= 0.1 0.943
N16-CF3-5D: dim 5, box [-5.0, 5.0], K = 6

== geometric (Voronoi) null, 1000 uniform draws
  opt 0: share 0.1730 +- 0.0234 (95% CI)
  opt 1: share 0.1090 +- 0.0193 (95% CI)
  opt 2: share 0.1380 +- 0.0214 (95% CI)
  opt 3: share 0.2580 +- 0.0271 (95% CI)
  opt 4: share 0.2280 +- 0.0260 (95% CI)
  opt 5: share 0.0940 +- 0.0181 (95% CI)

== descent null: 600 draws, 12500 evals each, sigma0 = 1.0, isotropic
  600 descents in 152.4s
  rows written to analysis/mmo2024/e171/null/N16-CF3-5D_rl.csv
  opt 0: share 0.1817 +- 0.0309  (geo 0.1730)
  opt 1: share 0.1383 +- 0.0276  (geo 0.1090)
  opt 2: share 0.0183 +- 0.0107  (geo 0.1380)
  opt 3: share 0.0183 +- 0.0107  (geo 0.2580)
  opt 4: share 0.2283 +- 0.0336  (geo 0.2280)
  opt 5: share 0.4150 +- 0.0394  (geo 0.0940)
  descent endpoint: median dist 0.0000, median f 0, frac f <= 0.1 0.925
N17-CF4-5D: dim 5, box [-5.0, 5.0], K = 8

== geometric (Voronoi) null, 1000 uniform draws
  opt 0: share 0.1650 +- 0.0230 (95% CI)
  opt 1: share 0.0870 +- 0.0175 (95% CI)
  opt 2: share 0.1370 +- 0.0213 (95% CI)
  opt 3: share 0.2270 +- 0.0260 (95% CI)
  opt 4: share 0.1890 +- 0.0243 (95% CI)
  opt 5: share 0.0410 +- 0.0123 (95% CI)
  opt 6: share 0.1070 +- 0.0192 (95% CI)
  opt 7: share 0.0470 +- 0.0131 (95% CI)

== descent null: 600 draws, 1499 evals each, sigma0 = 2.0, isotropic
  600 descents in 101.3s
  rows written to analysis/mmo2024/e171/null/N17-CF4-5D_base.csv
  opt 0: share 0.0083 +- 0.0073  (geo 0.1650)
  opt 1: share 0.0483 +- 0.0172  (geo 0.0870)
  opt 2: share 0.1767 +- 0.0305  (geo 0.1370)
  opt 3: share 0.2817 +- 0.0360  (geo 0.2270)
  opt 4: share 0.0000 +- 0.0000  (geo 0.1890)
  opt 5: share 0.0000 +- 0.0000  (geo 0.0410)
  opt 6: share 0.0550 +- 0.0182  (geo 0.1070)
  opt 7: share 0.4300 +- 0.0396  (geo 0.0470)
  descent endpoint: median dist 0.0000, median f 2.968e-10, frac f <= 0.1 0.583
N17-CF4-5D: dim 5, box [-5.0, 5.0], K = 8

== geometric (Voronoi) null, 1000 uniform draws
  opt 0: share 0.1650 +- 0.0230 (95% CI)
  opt 1: share 0.0870 +- 0.0175 (95% CI)
  opt 2: share 0.1370 +- 0.0213 (95% CI)
  opt 3: share 0.2270 +- 0.0260 (95% CI)
  opt 4: share 0.1890 +- 0.0243 (95% CI)
  opt 5: share 0.0410 +- 0.0123 (95% CI)
  opt 6: share 0.1070 +- 0.0192 (95% CI)
  opt 7: share 0.0470 +- 0.0131 (95% CI)

== descent null: 600 draws, 12500 evals each, sigma0 = 1.0, isotropic
  600 descents in 197.7s
  rows written to analysis/mmo2024/e171/null/N17-CF4-5D_rl.csv
  opt 0: share 0.0250 +- 0.0125  (geo 0.1650)
  opt 1: share 0.0567 +- 0.0185  (geo 0.0870)
  opt 2: share 0.1583 +- 0.0292  (geo 0.1370)
  opt 3: share 0.3050 +- 0.0368  (geo 0.2270)
  opt 4: share 0.0000 +- 0.0000  (geo 0.1890)
  opt 5: share 0.0017 +- 0.0033  (geo 0.0410)
  opt 6: share 0.1250 +- 0.0265  (geo 0.1070)
  opt 7: share 0.3283 +- 0.0376  (geo 0.0470)
  descent endpoint: median dist 0.0000, median f 0, frac f <= 0.1 0.628
N18-CF3-10D: dim 10, box [-5.0, 5.0], K = 6

== geometric (Voronoi) null, 1000 uniform draws
  opt 0: share 0.1150 +- 0.0198 (95% CI)
  opt 1: share 0.0820 +- 0.0170 (95% CI)
  opt 2: share 0.1010 +- 0.0187 (95% CI)
  opt 3: share 0.2460 +- 0.0267 (95% CI)
  opt 4: share 0.2580 +- 0.0271 (95% CI)
  opt 5: share 0.1980 +- 0.0247 (95% CI)

== descent null: 600 draws, 1499 evals each, sigma0 = 2.0, isotropic
  600 descents in 120.1s
  rows written to analysis/mmo2024/e171/null/N18-CF3-10D_base.csv
  opt 0: share 0.0667 +- 0.0200  (geo 0.1150)
  opt 1: share 0.0467 +- 0.0169  (geo 0.0820)
  opt 2: share 0.0000 +- 0.0000  (geo 0.1010)
  opt 3: share 0.0000 +- 0.0000  (geo 0.2460)
  opt 4: share 0.1183 +- 0.0258  (geo 0.2580)
  opt 5: share 0.7683 +- 0.0338  (geo 0.1980)
  descent endpoint: median dist 0.0007, median f 0.0001025, frac f <= 0.1 0.975
N18-CF3-10D: dim 10, box [-5.0, 5.0], K = 6

== geometric (Voronoi) null, 1000 uniform draws
  opt 0: share 0.1150 +- 0.0198 (95% CI)
  opt 1: share 0.0820 +- 0.0170 (95% CI)
  opt 2: share 0.1010 +- 0.0187 (95% CI)
  opt 3: share 0.2460 +- 0.0267 (95% CI)
  opt 4: share 0.2580 +- 0.0271 (95% CI)
  opt 5: share 0.1980 +- 0.0247 (95% CI)

== descent null: 600 draws, 12500 evals each, sigma0 = 1.0, isotropic
  600 descents in 354.4s
  rows written to analysis/mmo2024/e171/null/N18-CF3-10D_rl.csv
  opt 0: share 0.0667 +- 0.0200  (geo 0.1150)
  opt 1: share 0.0417 +- 0.0160  (geo 0.0820)
  opt 2: share 0.0067 +- 0.0065  (geo 0.1010)
  opt 3: share 0.0000 +- 0.0000  (geo 0.2460)
  opt 4: share 0.2100 +- 0.0326  (geo 0.2580)
  opt 5: share 0.6750 +- 0.0375  (geo 0.1980)
  descent endpoint: median dist 0.0000, median f 0, frac f <= 0.1 0.970
N19-CF4-10D: dim 10, box [-5.0, 5.0], K = 8

== geometric (Voronoi) null, 1000 uniform draws
  opt 0: share 0.1020 +- 0.0188 (95% CI)
  opt 1: share 0.0590 +- 0.0146 (95% CI)
  opt 2: share 0.0990 +- 0.0185 (95% CI)
  opt 3: share 0.2270 +- 0.0260 (95% CI)
  opt 4: share 0.2080 +- 0.0252 (95% CI)
  opt 5: share 0.1530 +- 0.0223 (95% CI)
  opt 6: share 0.0800 +- 0.0168 (95% CI)
  opt 7: share 0.0720 +- 0.0160 (95% CI)

== descent null: 600 draws, 1499 evals each, sigma0 = 2.0, isotropic
  600 descents in 125.0s
  rows written to analysis/mmo2024/e171/null/N19-CF4-10D_base.csv
  opt 0: share 0.0000 +- 0.0000  (geo 0.1020)
  opt 1: share 0.0000 +- 0.0000  (geo 0.0590)
  opt 2: share 0.0317 +- 0.0140  (geo 0.0990)
  opt 3: share 0.0317 +- 0.0140  (geo 0.2270)
  opt 4: share 0.0000 +- 0.0000  (geo 0.2080)
  opt 5: share 0.0000 +- 0.0000  (geo 0.1530)
  opt 6: share 0.2217 +- 0.0332  (geo 0.0800)
  opt 7: share 0.7150 +- 0.0361  (geo 0.0720)
  descent endpoint: median dist 0.0022, median f 0.01426, frac f <= 0.1 0.723
N19-CF4-10D: dim 10, box [-5.0, 5.0], K = 8

== geometric (Voronoi) null, 1000 uniform draws
  opt 0: share 0.1020 +- 0.0188 (95% CI)
  opt 1: share 0.0590 +- 0.0146 (95% CI)
  opt 2: share 0.0990 +- 0.0185 (95% CI)
  opt 3: share 0.2270 +- 0.0260 (95% CI)
  opt 4: share 0.2080 +- 0.0252 (95% CI)
  opt 5: share 0.1530 +- 0.0223 (95% CI)
  opt 6: share 0.0800 +- 0.0168 (95% CI)
  opt 7: share 0.0720 +- 0.0160 (95% CI)

== descent null: 600 draws, 12500 evals each, sigma0 = 1.0, isotropic
  600 descents in 428.1s
  rows written to analysis/mmo2024/e171/null/N19-CF4-10D_rl.csv
  opt 0: share 0.0033 +- 0.0046  (geo 0.1020)
  opt 1: share 0.0000 +- 0.0000  (geo 0.0590)
  opt 2: share 0.0450 +- 0.0166  (geo 0.0990)
  opt 3: share 0.0917 +- 0.0231  (geo 0.2270)
  opt 4: share 0.0000 +- 0.0000  (geo 0.2080)
  opt 5: share 0.0000 +- 0.0000  (geo 0.1530)
  opt 6: share 0.2683 +- 0.0355  (geo 0.0800)
  opt 7: share 0.5917 +- 0.0393  (geo 0.0720)
  descent endpoint: median dist 0.0000, median f 0, frac f <= 0.1 0.777
N20-CF4-20D: dim 20, box [-5.0, 5.0], K = 8

== geometric (Voronoi) null, 1000 uniform draws
  opt 0: share 0.1140 +- 0.0197 (95% CI)
  opt 1: share 0.0550 +- 0.0141 (95% CI)
  opt 2: share 0.0980 +- 0.0184 (95% CI)
  opt 3: share 0.2130 +- 0.0254 (95% CI)
  opt 4: share 0.1740 +- 0.0235 (95% CI)
  opt 5: share 0.2040 +- 0.0250 (95% CI)
  opt 6: share 0.0410 +- 0.0123 (95% CI)
  opt 7: share 0.1010 +- 0.0187 (95% CI)

== descent null: 600 draws, 1499 evals each, sigma0 = 2.0, isotropic
  600 descents in 102.3s
  rows written to analysis/mmo2024/e171/null/N20-CF4-20D_base.csv
  opt 0: share 0.0000 +- 0.0000  (geo 0.1140)
  opt 1: share 0.0000 +- 0.0000  (geo 0.0550)
  opt 2: share 0.0133 +- 0.0092  (geo 0.0980)
  opt 3: share 0.0150 +- 0.0097  (geo 0.2130)
  opt 4: share 0.0000 +- 0.0000  (geo 0.1740)
  opt 5: share 0.0000 +- 0.0000  (geo 0.2040)
  opt 6: share 0.2617 +- 0.0352  (geo 0.0410)
  opt 7: share 0.7100 +- 0.0363  (geo 0.1010)
  descent endpoint: median dist 0.1206, median f 7.648, frac f <= 0.1 0.000
N20-CF4-20D: dim 20, box [-5.0, 5.0], K = 8

== geometric (Voronoi) null, 1000 uniform draws
  opt 0: share 0.1140 +- 0.0197 (95% CI)
  opt 1: share 0.0550 +- 0.0141 (95% CI)
  opt 2: share 0.0980 +- 0.0184 (95% CI)
  opt 3: share 0.2130 +- 0.0254 (95% CI)
  opt 4: share 0.1740 +- 0.0235 (95% CI)
  opt 5: share 0.2040 +- 0.0250 (95% CI)
  opt 6: share 0.0410 +- 0.0123 (95% CI)
  opt 7: share 0.1010 +- 0.0187 (95% CI)

== descent null: 600 draws, 12500 evals each, sigma0 = 1.0, isotropic
  600 descents in 276.6s
  rows written to analysis/mmo2024/e171/null/N20-CF4-20D_rl.csv
  opt 0: share 0.0000 +- 0.0000  (geo 0.1140)
  opt 1: share 0.0000 +- 0.0000  (geo 0.0550)
  opt 2: share 0.0267 +- 0.0129  (geo 0.0980)
  opt 3: share 0.0467 +- 0.0169  (geo 0.2130)
  opt 4: share 0.0000 +- 0.0000  (geo 0.1740)
  opt 5: share 0.0000 +- 0.0000  (geo 0.2040)
  opt 6: share 0.2533 +- 0.0348  (geo 0.0410)
  opt 7: share 0.6733 +- 0.0375  (geo 0.1010)
  descent endpoint: median dist 0.0000, median f 0, frac f <= 0.1 0.940
