   base N19-CF4-10D seed  100  pr1e-5=0.3750  sup=0.3750  near=3  req=400029 inf=29 clip=0  (30s)
   base N19-CF4-10D seed  101  pr1e-5=0.0000  sup=0.0000  near=0  req=400063 inf=63 clip=0  (58s)
   base N19-CF4-10D seed  102  pr1e-5=0.1250  sup=0.1250  near=3  req=400094 inf=94 clip=0  (34s)
   base N19-CF4-10D seed  103  pr1e-5=0.2500  sup=0.2500  near=4  req=400052 inf=52 clip=0  (30s)
   base N19-CF4-10D seed  104  pr1e-5=0.0000  sup=0.0000  near=0  req=400037 inf=37 clip=0  (56s)
 noclip N19-CF4-10D seed  100  pr1e-5=0.0000  sup=0.0000  near=1  req=400098 inf=98 clip=0  (50s)
 noclip N19-CF4-10D seed  101  pr1e-5=0.0000  sup=0.0000  near=2  req=400097 inf=97 clip=0  (47s)
 noclip N19-CF4-10D seed  102  pr1e-5=0.0000  sup=0.0000  near=0  req=400093 inf=93 clip=0  (59s)
 noclip N19-CF4-10D seed  103  pr1e-5=0.1250  sup=0.1250  near=2  req=400018 inf=18 clip=0  (56s)
 noclip N19-CF4-10D seed  104  pr1e-5=0.1250  sup=0.1250  near=3  req=400008 inf=8 clip=0  (30s)
  nocut N19-CF4-10D seed  100  pr1e-5=0.0000  sup=0.0000  near=1  req=400051 inf=0 clip=0  (42s)
  nocut N19-CF4-10D seed  101  pr1e-5=0.1250  sup=0.1250  near=1  req=400025 inf=0 clip=0  (59s)
  nocut N19-CF4-10D seed  102  pr1e-5=0.1250  sup=0.1250  near=3  req=400017 inf=0 clip=0  (31s)
  nocut N19-CF4-10D seed  103  pr1e-5=0.1250  sup=0.1250  near=3  req=400112 inf=0 clip=0  (35s)
  nocut N19-CF4-10D seed  104  pr1e-5=0.1250  sup=0.1250  near=4  req=400073 inf=0 clip=0  (42s)
 noseed N19-CF4-10D seed  100  pr1e-5=0.0000  sup=0.0000  near=2  req=400062 inf=62 clip=0  (60s)
 noseed N19-CF4-10D seed  101  pr1e-5=0.0000  sup=0.0000  near=2  req=400069 inf=69 clip=0  (49s)
 noseed N19-CF4-10D seed  102  pr1e-5=0.3750  sup=0.3750  near=3  req=400055 inf=55 clip=0  (30s)
 noseed N19-CF4-10D seed  103  pr1e-5=0.0000  sup=0.0000  near=1  req=400072 inf=72 clip=0  (53s)
 noseed N19-CF4-10D seed  104  pr1e-5=0.2500  sup=0.2500  near=4  req=400038 inf=38 clip=0  (29s)
   base N15-CF4-3D seed  100  pr1e-5=0.6250  sup=0.6250  near=7  req=400068 inf=68 clip=0  (54s)
   base N19-CF4-10D seed  105  pr1e-5=0.0000  sup=0.0000  near=1  req=400042 inf=42 clip=0  (62s)
   base N15-CF4-3D seed  101  pr1e-5=0.7500  sup=0.7500  near=6  req=400028 inf=28 clip=0  (49s)
   base N19-CF4-10D seed  106  pr1e-5=0.0000  sup=0.0000  near=1  req=400093 inf=93 clip=0  (42s)
   base N15-CF4-3D seed  102  pr1e-5=0.6250  sup=0.6250  near=6  req=400014 inf=14 clip=0  (49s)
   base N19-CF4-10D seed  107  pr1e-5=0.0000  sup=0.0000  near=0  req=400086 inf=86 clip=0  (63s)
   base N17-CF4-5D seed  100  pr1e-5=0.3750  sup=0.3750  near=4  req=400001 inf=1 clip=0  (52s)
   base N19-CF4-10D seed  108  pr1e-5=0.1250  sup=0.1250  near=1  req=400088 inf=88 clip=0  (63s)
   base N19-CF4-10D seed  109  pr1e-5=0.0000  sup=0.0000  near=1  req=400006 inf=6 clip=0  (36s)
   base N17-CF4-5D seed  101  pr1e-5=0.5000  sup=0.5000  near=5  req=400021 inf=21 clip=0  (65s)
   base N19-CF4-10D seed  110  pr1e-5=0.2500  sup=0.2500  near=3  req=400083 inf=83 clip=0  (31s)
   base N19-CF4-10D seed  111  pr1e-5=0.1250  sup=0.1250  near=3  req=400040 inf=40 clip=0  (45s)
   base N17-CF4-5D seed  102  pr1e-5=0.3750  sup=0.3750  near=4  req=400106 inf=106 clip=0  (63s)
   base N19-CF4-10D seed  112  pr1e-5=0.1250  sup=0.1250  near=3  req=400089 inf=89 clip=0  (49s)
   base N19-CF4-10D seed  113  pr1e-5=0.0000  sup=0.0000  near=0  req=400099 inf=99 clip=0  (67s)
   base N19-CF4-10D seed  114  pr1e-5=0.0000  sup=0.0000  near=0  req=400027 inf=27 clip=0  (57s)
  sw10d N19-CF4-10D seed  100  pr1e-5=0.3750  sup=0.3750  near=4  req=400043 inf=43 clip=0  (32s)
  sw10d N19-CF4-10D seed  101  pr1e-5=0.5000  sup=0.5000  near=4  req=400087 inf=87 clip=0  (34s)
  sw10d N19-CF4-10D seed  102  pr1e-5=0.1250  sup=0.1250  near=3  req=400072 inf=72 clip=0  (30s)
  sw10d N19-CF4-10D seed  103  pr1e-5=0.5000  sup=0.5000  near=4  req=400034 inf=34 clip=0  (31s)
  sw10d N19-CF4-10D seed  104  pr1e-5=0.2500  sup=0.2500  near=2  req=400085 inf=85 clip=0  (37s)
  sw10d N18-CF3-10D seed  100  pr1e-5=0.6667  sup=0.6667  near=4  req=400093 inf=93 clip=0  (36s)
  sw10d N18-CF3-10D seed  101  pr1e-5=0.6667  sup=0.6667  near=4  req=400014 inf=14 clip=0  (45s)
  sw10d N18-CF3-10D seed  102  pr1e-5=0.3333  sup=0.3333  near=3  req=400043 inf=43 clip=0  (47s)
