M01-D10-PIN01: dim 10, box [-5.0, 5.0], K = 20

== geometric (Voronoi) null, 1000 uniform draws
  opt 0: share 0.0700 +- 0.0158 (95% CI)
  opt 1: share 0.0280 +- 0.0102 (95% CI)
  opt 2: share 0.0230 +- 0.0093 (95% CI)
  opt 3: share 0.0270 +- 0.0100 (95% CI)
  opt 4: share 0.0110 +- 0.0065 (95% CI)
  opt 5: share 0.0430 +- 0.0126 (95% CI)
  opt 6: share 0.0000 +- 0.0000 (95% CI)
  opt 7: share 0.0380 +- 0.0119 (95% CI)
  opt 8: share 0.0610 +- 0.0148 (95% CI)
  opt 9: share 0.0270 +- 0.0100 (95% CI)
  opt 10: share 0.1020 +- 0.0188 (95% CI)
  opt 11: share 0.1340 +- 0.0211 (95% CI)
  opt 12: share 0.1240 +- 0.0204 (95% CI)
  opt 13: share 0.0480 +- 0.0132 (95% CI)
  opt 14: share 0.0500 +- 0.0135 (95% CI)
  opt 15: share 0.0480 +- 0.0132 (95% CI)
  opt 16: share 0.0730 +- 0.0161 (95% CI)
  opt 17: share 0.0040 +- 0.0039 (95% CI)
  opt 18: share 0.0730 +- 0.0161 (95% CI)
  opt 19: share 0.0160 +- 0.0078 (95% CI)

== descent null: 200 draws, 12500 evals each, sigma0 = 1.0, isotropic
  200 descents in 485.5s
  rows written to analysis/mmo2024/e172/null/M01-D10-PIN01_rl.csv
  opt 0: share 0.0450 +- 0.0287  (geo 0.0700)
  opt 1: share 0.0000 +- 0.0000  (geo 0.0280)
  opt 2: share 0.0050 +- 0.0098  (geo 0.0230)
  opt 3: share 0.1200 +- 0.0450  (geo 0.0270)
  opt 4: share 0.0000 +- 0.0000  (geo 0.0110)
  opt 5: share 0.1000 +- 0.0416  (geo 0.0430)
  opt 6: share 0.0000 +- 0.0000  (geo 0.0000)
  opt 7: share 0.0000 +- 0.0000  (geo 0.0380)
  opt 8: share 0.0300 +- 0.0236  (geo 0.0610)
  opt 9: share 0.0150 +- 0.0168  (geo 0.0270)
  opt 10: share 0.0100 +- 0.0138  (geo 0.1020)
  opt 11: share 0.1350 +- 0.0474  (geo 0.1340)
  opt 12: share 0.1600 +- 0.0508  (geo 0.1240)
  opt 13: share 0.1050 +- 0.0425  (geo 0.0480)
  opt 14: share 0.0850 +- 0.0387  (geo 0.0500)
  opt 15: share 0.0450 +- 0.0287  (geo 0.0480)
  opt 16: share 0.1350 +- 0.0474  (geo 0.0730)
  opt 17: share 0.0050 +- 0.0098  (geo 0.0040)
  opt 18: share 0.0050 +- 0.0098  (geo 0.0730)
  opt 19: share 0.0000 +- 0.0000  (geo 0.0160)
  descent endpoint: median dist 0.0000, median f 0, frac f <= 0.1 0.995
M02-D10-PIN01: dim 10, box [-5.0, 5.0], K = 20

== geometric (Voronoi) null, 1000 uniform draws
  opt 0: share 0.1210 +- 0.0202 (95% CI)
  opt 1: share 0.0450 +- 0.0128 (95% CI)
  opt 2: share 0.0240 +- 0.0095 (95% CI)
  opt 3: share 0.0550 +- 0.0141 (95% CI)
  opt 4: share 0.0390 +- 0.0120 (95% CI)
  opt 5: share 0.0030 +- 0.0034 (95% CI)
  opt 6: share 0.0300 +- 0.0106 (95% CI)
  opt 7: share 0.0270 +- 0.0100 (95% CI)
  opt 8: share 0.0720 +- 0.0160 (95% CI)
  opt 9: share 0.0250 +- 0.0097 (95% CI)
  opt 10: share 0.0450 +- 0.0128 (95% CI)
  opt 11: share 0.0450 +- 0.0128 (95% CI)
  opt 12: share 0.0230 +- 0.0093 (95% CI)
  opt 13: share 0.0910 +- 0.0178 (95% CI)
  opt 14: share 0.0430 +- 0.0126 (95% CI)
  opt 15: share 0.0660 +- 0.0154 (95% CI)
  opt 16: share 0.0610 +- 0.0148 (95% CI)
  opt 17: share 0.0620 +- 0.0149 (95% CI)
  opt 18: share 0.1070 +- 0.0192 (95% CI)
  opt 19: share 0.0160 +- 0.0078 (95% CI)

== descent null: 200 draws, 12500 evals each, sigma0 = 1.0, isotropic
  200 descents in 674.1s
  rows written to analysis/mmo2024/e172/null/M02-D10-PIN01_rl.csv
  opt 0: share 0.0000 +- 0.0000  (geo 0.1210)
  opt 1: share 0.0150 +- 0.0168  (geo 0.0450)
  opt 2: share 0.0100 +- 0.0138  (geo 0.0240)
  opt 3: share 0.0450 +- 0.0287  (geo 0.0550)
  opt 4: share 0.2100 +- 0.0565  (geo 0.0390)
  opt 5: share 0.0000 +- 0.0000  (geo 0.0030)
  opt 6: share 0.0750 +- 0.0365  (geo 0.0300)
  opt 7: share 0.0000 +- 0.0000  (geo 0.0270)
  opt 8: share 0.1450 +- 0.0488  (geo 0.0720)
  opt 9: share 0.0000 +- 0.0000  (geo 0.0250)
  opt 10: share 0.0000 +- 0.0000  (geo 0.0450)
  opt 11: share 0.0050 +- 0.0098  (geo 0.0450)
  opt 12: share 0.0000 +- 0.0000  (geo 0.0230)
  opt 13: share 0.0550 +- 0.0316  (geo 0.0910)
  opt 14: share 0.0000 +- 0.0000  (geo 0.0430)
  opt 15: share 0.0750 +- 0.0365  (geo 0.0660)
  opt 16: share 0.2950 +- 0.0632  (geo 0.0610)
  opt 17: share 0.0050 +- 0.0098  (geo 0.0620)
  opt 18: share 0.0650 +- 0.0342  (geo 0.1070)
  opt 19: share 0.0000 +- 0.0000  (geo 0.0160)
  descent endpoint: median dist 0.0000, median f 1.056e-08, frac f <= 0.1 1.000
M03-D10-PIN01: dim 10, box [-5.0, 5.0], K = 20

== geometric (Voronoi) null, 1000 uniform draws
  opt 0: share 0.1010 +- 0.0187 (95% CI)
  opt 1: share 0.0340 +- 0.0112 (95% CI)
  opt 2: share 0.0870 +- 0.0175 (95% CI)
  opt 3: share 0.0160 +- 0.0078 (95% CI)
  opt 4: share 0.0480 +- 0.0132 (95% CI)
  opt 5: share 0.0610 +- 0.0148 (95% CI)
  opt 6: share 0.0440 +- 0.0127 (95% CI)
  opt 7: share 0.0410 +- 0.0123 (95% CI)
  opt 8: share 0.0380 +- 0.0119 (95% CI)
  opt 9: share 0.0000 +- 0.0000 (95% CI)
  opt 10: share 0.0540 +- 0.0140 (95% CI)
  opt 11: share 0.0430 +- 0.0126 (95% CI)
  opt 12: share 0.0160 +- 0.0078 (95% CI)
  opt 13: share 0.0880 +- 0.0176 (95% CI)
  opt 14: share 0.0810 +- 0.0169 (95% CI)
  opt 15: share 0.0610 +- 0.0148 (95% CI)
  opt 16: share 0.0720 +- 0.0160 (95% CI)
  opt 17: share 0.0110 +- 0.0065 (95% CI)
  opt 18: share 0.0160 +- 0.0078 (95% CI)
  opt 19: share 0.0880 +- 0.0176 (95% CI)

== descent null: 200 draws, 12500 evals each, sigma0 = 1.0, isotropic
  200 descents in 1815.3s
  rows written to analysis/mmo2024/e172/null/M03-D10-PIN01_rl.csv
  opt 0: share 0.0850 +- 0.0387  (geo 0.1010)
  opt 1: share 0.0000 +- 0.0000  (geo 0.0340)
  opt 2: share 0.0600 +- 0.0329  (geo 0.0870)
  opt 3: share 0.0000 +- 0.0000  (geo 0.0160)
  opt 4: share 0.1100 +- 0.0434  (geo 0.0480)
  opt 5: share 0.0100 +- 0.0138  (geo 0.0610)
  opt 6: share 0.0000 +- 0.0000  (geo 0.0440)
  opt 7: share 0.1350 +- 0.0474  (geo 0.0410)
  opt 8: share 0.1850 +- 0.0538  (geo 0.0380)
  opt 9: share 0.0000 +- 0.0000  (geo 0.0000)
  opt 10: share 0.0250 +- 0.0216  (geo 0.0540)
  opt 11: share 0.0350 +- 0.0255  (geo 0.0430)
  opt 12: share 0.0000 +- 0.0000  (geo 0.0160)
  opt 13: share 0.0600 +- 0.0329  (geo 0.0880)
  opt 14: share 0.0600 +- 0.0329  (geo 0.0810)
  opt 15: share 0.1100 +- 0.0434  (geo 0.0610)
  opt 16: share 0.1000 +- 0.0416  (geo 0.0720)
  opt 17: share 0.0000 +- 0.0000  (geo 0.0110)
  opt 18: share 0.0050 +- 0.0098  (geo 0.0160)
  opt 19: share 0.0200 +- 0.0194  (geo 0.0880)
  descent endpoint: median dist 0.0000, median f 1.137e-13, frac f <= 0.1 1.000
M04-D10-PIN01: dim 10, box [-5.0, 5.0], K = 20

== geometric (Voronoi) null, 1000 uniform draws
  opt 0: share 0.0260 +- 0.0099 (95% CI)
  opt 1: share 0.0390 +- 0.0120 (95% CI)
  opt 2: share 0.0190 +- 0.0085 (95% CI)
  opt 3: share 0.0830 +- 0.0171 (95% CI)
  opt 4: share 0.0840 +- 0.0172 (95% CI)
  opt 5: share 0.0870 +- 0.0175 (95% CI)
  opt 6: share 0.0520 +- 0.0138 (95% CI)
  opt 7: share 0.0430 +- 0.0126 (95% CI)
  opt 8: share 0.0670 +- 0.0155 (95% CI)
  opt 9: share 0.0430 +- 0.0126 (95% CI)
  opt 10: share 0.0000 +- 0.0000 (95% CI)
  opt 11: share 0.0660 +- 0.0154 (95% CI)
  opt 12: share 0.0610 +- 0.0148 (95% CI)
  opt 13: share 0.0350 +- 0.0114 (95% CI)
  opt 14: share 0.0770 +- 0.0165 (95% CI)
  opt 15: share 0.0350 +- 0.0114 (95% CI)
  opt 16: share 0.0870 +- 0.0175 (95% CI)
  opt 17: share 0.0710 +- 0.0159 (95% CI)
  opt 18: share 0.0160 +- 0.0078 (95% CI)
  opt 19: share 0.0090 +- 0.0059 (95% CI)

== descent null: 200 draws, 12500 evals each, sigma0 = 1.0, isotropic
  200 descents in 353.1s
  rows written to analysis/mmo2024/e172/null/M04-D10-PIN01_rl.csv
  opt 0: share 0.0000 +- 0.0000  (geo 0.0260)
  opt 1: share 0.0400 +- 0.0272  (geo 0.0390)
  opt 2: share 0.0000 +- 0.0000  (geo 0.0190)
  opt 3: share 0.0100 +- 0.0138  (geo 0.0830)
  opt 4: share 0.2300 +- 0.0583  (geo 0.0840)
  opt 5: share 0.1000 +- 0.0416  (geo 0.0870)
  opt 6: share 0.0100 +- 0.0138  (geo 0.0520)
  opt 7: share 0.0050 +- 0.0098  (geo 0.0430)
  opt 8: share 0.0500 +- 0.0302  (geo 0.0670)
  opt 9: share 0.0500 +- 0.0302  (geo 0.0430)
  opt 10: share 0.0000 +- 0.0000  (geo 0.0000)
  opt 11: share 0.0850 +- 0.0387  (geo 0.0660)
  opt 12: share 0.0100 +- 0.0138  (geo 0.0610)
  opt 13: share 0.0150 +- 0.0168  (geo 0.0350)
  opt 14: share 0.1150 +- 0.0442  (geo 0.0770)
  opt 15: share 0.0100 +- 0.0138  (geo 0.0350)
  opt 16: share 0.0900 +- 0.0397  (geo 0.0870)
  opt 17: share 0.1800 +- 0.0532  (geo 0.0710)
  opt 18: share 0.0000 +- 0.0000  (geo 0.0160)
  opt 19: share 0.0000 +- 0.0000  (geo 0.0090)
  descent endpoint: median dist 0.0000, median f 0, frac f <= 0.1 1.000
M05-D10-PIN01: dim 10, box [-5.0, 5.0], K = 20

== geometric (Voronoi) null, 1000 uniform draws
  opt 0: share 0.0120 +- 0.0067 (95% CI)
  opt 1: share 0.0280 +- 0.0102 (95% CI)
  opt 2: share 0.0710 +- 0.0159 (95% CI)
  opt 3: share 0.1420 +- 0.0216 (95% CI)
  opt 4: share 0.0080 +- 0.0055 (95% CI)
  opt 5: share 0.0520 +- 0.0138 (95% CI)
  opt 6: share 0.0170 +- 0.0080 (95% CI)
  opt 7: share 0.0350 +- 0.0114 (95% CI)
  opt 8: share 0.0120 +- 0.0067 (95% CI)
  opt 9: share 0.0100 +- 0.0062 (95% CI)
  opt 10: share 0.1250 +- 0.0205 (95% CI)
  opt 11: share 0.0290 +- 0.0104 (95% CI)
  opt 12: share 0.0770 +- 0.0165 (95% CI)
  opt 13: share 0.0700 +- 0.0158 (95% CI)
  opt 14: share 0.0590 +- 0.0146 (95% CI)
  opt 15: share 0.0220 +- 0.0091 (95% CI)
  opt 16: share 0.0990 +- 0.0185 (95% CI)
  opt 17: share 0.0520 +- 0.0138 (95% CI)
  opt 18: share 0.0000 +- 0.0000 (95% CI)
  opt 19: share 0.0800 +- 0.0168 (95% CI)

== descent null: 200 draws, 12500 evals each, sigma0 = 1.0, isotropic
  200 descents in 388.1s
  rows written to analysis/mmo2024/e172/null/M05-D10-PIN01_rl.csv
  opt 0: share 0.0000 +- 0.0000  (geo 0.0120)
  opt 1: share 0.1150 +- 0.0442  (geo 0.0280)
  opt 2: share 0.0450 +- 0.0287  (geo 0.0710)
  opt 3: share 0.1550 +- 0.0502  (geo 0.1420)
  opt 4: share 0.0050 +- 0.0098  (geo 0.0080)
  opt 5: share 0.0250 +- 0.0216  (geo 0.0520)
  opt 6: share 0.0000 +- 0.0000  (geo 0.0170)
  opt 7: share 0.0700 +- 0.0354  (geo 0.0350)
  opt 8: share 0.0000 +- 0.0000  (geo 0.0120)
  opt 9: share 0.0000 +- 0.0000  (geo 0.0100)
  opt 10: share 0.1700 +- 0.0521  (geo 0.1250)
  opt 11: share 0.0050 +- 0.0098  (geo 0.0290)
  opt 12: share 0.0900 +- 0.0397  (geo 0.0770)
  opt 13: share 0.0500 +- 0.0302  (geo 0.0700)
  opt 14: share 0.0150 +- 0.0168  (geo 0.0590)
  opt 15: share 0.0000 +- 0.0000  (geo 0.0220)
  opt 16: share 0.1100 +- 0.0434  (geo 0.0990)
  opt 17: share 0.0200 +- 0.0194  (geo 0.0520)
  opt 18: share 0.0000 +- 0.0000  (geo 0.0000)
  opt 19: share 0.1250 +- 0.0458  (geo 0.0800)
  descent endpoint: median dist 0.0000, median f 6.114e-11, frac f <= 0.1 0.870
M06-D10-PIN01: dim 10, box [-5.0, 5.0], K = 20

== geometric (Voronoi) null, 1000 uniform draws
  opt 0: share 0.0390 +- 0.0120 (95% CI)
  opt 1: share 0.0540 +- 0.0140 (95% CI)
  opt 2: share 0.0240 +- 0.0095 (95% CI)
  opt 3: share 0.0250 +- 0.0097 (95% CI)
  opt 4: share 0.0270 +- 0.0100 (95% CI)
  opt 5: share 0.1050 +- 0.0190 (95% CI)
  opt 6: share 0.0340 +- 0.0112 (95% CI)
  opt 7: share 0.0450 +- 0.0128 (95% CI)
  opt 8: share 0.0920 +- 0.0179 (95% CI)
  opt 9: share 0.1140 +- 0.0197 (95% CI)
  opt 10: share 0.0470 +- 0.0131 (95% CI)
  opt 11: share 0.0760 +- 0.0164 (95% CI)
  opt 12: share 0.0020 +- 0.0028 (95% CI)
  opt 13: share 0.0740 +- 0.0162 (95% CI)
  opt 14: share 0.0410 +- 0.0123 (95% CI)
  opt 15: share 0.0270 +- 0.0100 (95% CI)
  opt 16: share 0.0810 +- 0.0169 (95% CI)
  opt 17: share 0.0020 +- 0.0028 (95% CI)
  opt 18: share 0.0460 +- 0.0130 (95% CI)
  opt 19: share 0.0450 +- 0.0128 (95% CI)

== descent null: 200 draws, 12500 evals each, sigma0 = 1.0, isotropic
  200 descents in 193.7s
  rows written to analysis/mmo2024/e172/null/M06-D10-PIN01_rl.csv
  opt 0: share 0.0150 +- 0.0168  (geo 0.0390)
  opt 1: share 0.0850 +- 0.0387  (geo 0.0540)
  opt 2: share 0.0050 +- 0.0098  (geo 0.0240)
  opt 3: share 0.0000 +- 0.0000  (geo 0.0250)
  opt 4: share 0.0350 +- 0.0255  (geo 0.0270)
  opt 5: share 0.1100 +- 0.0434  (geo 0.1050)
  opt 6: share 0.0500 +- 0.0302  (geo 0.0340)
  opt 7: share 0.0000 +- 0.0000  (geo 0.0450)
  opt 8: share 0.1100 +- 0.0434  (geo 0.0920)
  opt 9: share 0.1350 +- 0.0474  (geo 0.1140)
  opt 10: share 0.0550 +- 0.0316  (geo 0.0470)
  opt 11: share 0.0600 +- 0.0329  (geo 0.0760)
  opt 12: share 0.0000 +- 0.0000  (geo 0.0020)
  opt 13: share 0.0750 +- 0.0365  (geo 0.0740)
  opt 14: share 0.0050 +- 0.0098  (geo 0.0410)
  opt 15: share 0.0000 +- 0.0000  (geo 0.0270)
  opt 16: share 0.1450 +- 0.0488  (geo 0.0810)
  opt 17: share 0.0000 +- 0.0000  (geo 0.0020)
  opt 18: share 0.0550 +- 0.0316  (geo 0.0460)
  opt 19: share 0.0600 +- 0.0329  (geo 0.0450)
  descent endpoint: median dist 0.6860, median f 1.94, frac f <= 0.1 0.105
M07-D10-PIN01: dim 10, box [-5.0, 5.0], K = 20

== geometric (Voronoi) null, 1000 uniform draws
  opt 0: share 0.0540 +- 0.0140 (95% CI)
  opt 1: share 0.0120 +- 0.0067 (95% CI)
  opt 2: share 0.0960 +- 0.0183 (95% CI)
  opt 3: share 0.0600 +- 0.0147 (95% CI)
  opt 4: share 0.0750 +- 0.0163 (95% CI)
  opt 5: share 0.0510 +- 0.0136 (95% CI)
  opt 6: share 0.1060 +- 0.0191 (95% CI)
  opt 7: share 0.0160 +- 0.0078 (95% CI)
  opt 8: share 0.1010 +- 0.0187 (95% CI)
  opt 9: share 0.0680 +- 0.0156 (95% CI)
  opt 10: share 0.0000 +- 0.0000 (95% CI)
  opt 11: share 0.0460 +- 0.0130 (95% CI)
  opt 12: share 0.0600 +- 0.0147 (95% CI)
  opt 13: share 0.1030 +- 0.0188 (95% CI)
  opt 14: share 0.0410 +- 0.0123 (95% CI)
  opt 15: share 0.0030 +- 0.0034 (95% CI)
  opt 16: share 0.0230 +- 0.0093 (95% CI)
  opt 17: share 0.0530 +- 0.0139 (95% CI)
  opt 18: share 0.0130 +- 0.0070 (95% CI)
  opt 19: share 0.0190 +- 0.0085 (95% CI)

== descent null: 200 draws, 12500 evals each, sigma0 = 1.0, isotropic
  200 descents in 830.5s
  rows written to analysis/mmo2024/e172/null/M07-D10-PIN01_rl.csv
  opt 0: share 0.0000 +- 0.0000  (geo 0.0540)
  opt 1: share 0.0000 +- 0.0000  (geo 0.0120)
  opt 2: share 0.0750 +- 0.0365  (geo 0.0960)
  opt 3: share 0.1150 +- 0.0442  (geo 0.0600)
  opt 4: share 0.0450 +- 0.0287  (geo 0.0750)
  opt 5: share 0.0550 +- 0.0316  (geo 0.0510)
  opt 6: share 0.1650 +- 0.0514  (geo 0.1060)
  opt 7: share 0.0000 +- 0.0000  (geo 0.0160)
  opt 8: share 0.1600 +- 0.0508  (geo 0.1010)
  opt 9: share 0.1250 +- 0.0458  (geo 0.0680)
  opt 10: share 0.0050 +- 0.0098  (geo 0.0000)
  opt 11: share 0.0150 +- 0.0168  (geo 0.0460)
  opt 12: share 0.0000 +- 0.0000  (geo 0.0600)
  opt 13: share 0.1000 +- 0.0416  (geo 0.1030)
  opt 14: share 0.0150 +- 0.0168  (geo 0.0410)
  opt 15: share 0.0000 +- 0.0000  (geo 0.0030)
  opt 16: share 0.0000 +- 0.0000  (geo 0.0230)
  opt 17: share 0.1250 +- 0.0458  (geo 0.0530)
  opt 18: share 0.0000 +- 0.0000  (geo 0.0130)
  opt 19: share 0.0000 +- 0.0000  (geo 0.0190)
  descent endpoint: median dist 0.0000, median f 3.92e-08, frac f <= 0.1 0.905
M08-D10-PIN01: dim 10, box [-5.0, 5.0], K = 20

== geometric (Voronoi) null, 1000 uniform draws
  opt 0: share 0.1210 +- 0.0202 (95% CI)
  opt 1: share 0.0410 +- 0.0123 (95% CI)
  opt 2: share 0.0410 +- 0.0123 (95% CI)
  opt 3: share 0.0560 +- 0.0143 (95% CI)
  opt 4: share 0.0000 +- 0.0000 (95% CI)
  opt 5: share 0.0540 +- 0.0140 (95% CI)
  opt 6: share 0.0650 +- 0.0153 (95% CI)
  opt 7: share 0.0500 +- 0.0135 (95% CI)
  opt 8: share 0.0610 +- 0.0148 (95% CI)
  opt 9: share 0.0570 +- 0.0144 (95% CI)
  opt 10: share 0.1150 +- 0.0198 (95% CI)
  opt 11: share 0.0560 +- 0.0143 (95% CI)
  opt 12: share 0.0350 +- 0.0114 (95% CI)
  opt 13: share 0.0230 +- 0.0093 (95% CI)
  opt 14: share 0.0180 +- 0.0082 (95% CI)
  opt 15: share 0.0090 +- 0.0059 (95% CI)
  opt 16: share 0.0090 +- 0.0059 (95% CI)
  opt 17: share 0.0530 +- 0.0139 (95% CI)
  opt 18: share 0.0980 +- 0.0184 (95% CI)
  opt 19: share 0.0380 +- 0.0119 (95% CI)

== descent null: 200 draws, 12500 evals each, sigma0 = 1.0, isotropic
  200 descents in 471.4s
  rows written to analysis/mmo2024/e172/null/M08-D10-PIN01_rl.csv
  opt 0: share 0.0300 +- 0.0236  (geo 0.1210)
  opt 1: share 0.1050 +- 0.0425  (geo 0.0410)
  opt 2: share 0.0600 +- 0.0329  (geo 0.0410)
  opt 3: share 0.0150 +- 0.0168  (geo 0.0560)
  opt 4: share 0.0000 +- 0.0000  (geo 0.0000)
  opt 5: share 0.1000 +- 0.0416  (geo 0.0540)
  opt 6: share 0.1500 +- 0.0495  (geo 0.0650)
  opt 7: share 0.1000 +- 0.0416  (geo 0.0500)
  opt 8: share 0.0000 +- 0.0000  (geo 0.0610)
  opt 9: share 0.0800 +- 0.0376  (geo 0.0570)
  opt 10: share 0.1400 +- 0.0481  (geo 0.1150)
  opt 11: share 0.0550 +- 0.0316  (geo 0.0560)
  opt 12: share 0.0750 +- 0.0365  (geo 0.0350)
  opt 13: share 0.0050 +- 0.0098  (geo 0.0230)
  opt 14: share 0.0000 +- 0.0000  (geo 0.0180)
  opt 15: share 0.0000 +- 0.0000  (geo 0.0090)
  opt 16: share 0.0000 +- 0.0000  (geo 0.0090)
  opt 17: share 0.0050 +- 0.0098  (geo 0.0530)
  opt 18: share 0.0700 +- 0.0354  (geo 0.0980)
  opt 19: share 0.0100 +- 0.0138  (geo 0.0380)
  descent endpoint: median dist 0.0000, median f 5.483e-09, frac f <= 0.1 0.760
M12-D10-PIN01: dim 10, box [-5.0, 5.0], K = 10

== geometric (Voronoi) null, 1000 uniform draws
  opt 0: share 0.0270 +- 0.0100 (95% CI)
  opt 1: share 0.0530 +- 0.0139 (95% CI)
  opt 2: share 0.0630 +- 0.0151 (95% CI)
  opt 3: share 0.0960 +- 0.0183 (95% CI)
  opt 4: share 0.0530 +- 0.0139 (95% CI)
  opt 5: share 0.2330 +- 0.0262 (95% CI)
  opt 6: share 0.0980 +- 0.0184 (95% CI)
  opt 7: share 0.0660 +- 0.0154 (95% CI)
  opt 8: share 0.1480 +- 0.0220 (95% CI)
  opt 9: share 0.1630 +- 0.0229 (95% CI)

== descent null: 200 draws, 12500 evals each, sigma0 = 1.0, isotropic
  200 descents in 237.3s
  rows written to analysis/mmo2024/e172/null/M12-D10-PIN01_rl.csv
  opt 0: share 0.0050 +- 0.0098  (geo 0.0270)
  opt 1: share 0.1100 +- 0.0434  (geo 0.0530)
  opt 2: share 0.0300 +- 0.0236  (geo 0.0630)
  opt 3: share 0.4600 +- 0.0691  (geo 0.0960)
  opt 4: share 0.0100 +- 0.0138  (geo 0.0530)
  opt 5: share 0.0500 +- 0.0302  (geo 0.2330)
  opt 6: share 0.2000 +- 0.0554  (geo 0.0980)
  opt 7: share 0.0200 +- 0.0194  (geo 0.0660)
  opt 8: share 0.1050 +- 0.0425  (geo 0.1480)
  opt 9: share 0.0100 +- 0.0138  (geo 0.1630)
  descent endpoint: median dist 0.0000, median f 0, frac f <= 0.1 0.985
M13-D10-PIN01: dim 10, box [-5.0, 5.0], K = 10

== geometric (Voronoi) null, 1000 uniform draws
  opt 0: share 0.1240 +- 0.0204 (95% CI)
  opt 1: share 0.1760 +- 0.0236 (95% CI)
  opt 2: share 0.1080 +- 0.0192 (95% CI)
  opt 3: share 0.0460 +- 0.0130 (95% CI)
  opt 4: share 0.1260 +- 0.0206 (95% CI)
  opt 5: share 0.0400 +- 0.0121 (95% CI)
  opt 6: share 0.0910 +- 0.0178 (95% CI)
  opt 7: share 0.1200 +- 0.0201 (95% CI)
  opt 8: share 0.0170 +- 0.0080 (95% CI)
  opt 9: share 0.1520 +- 0.0223 (95% CI)

== descent null: 200 draws, 12500 evals each, sigma0 = 1.0, isotropic
  200 descents in 254.8s
  rows written to analysis/mmo2024/e172/null/M13-D10-PIN01_rl.csv
  opt 0: share 0.0600 +- 0.0329  (geo 0.1240)
  opt 1: share 0.3200 +- 0.0647  (geo 0.1760)
  opt 2: share 0.0150 +- 0.0168  (geo 0.1080)
  opt 3: share 0.0650 +- 0.0342  (geo 0.0460)
  opt 4: share 0.1000 +- 0.0416  (geo 0.1260)
  opt 5: share 0.0000 +- 0.0000  (geo 0.0400)
  opt 6: share 0.1700 +- 0.0521  (geo 0.0910)
  opt 7: share 0.2050 +- 0.0560  (geo 0.1200)
  opt 8: share 0.0050 +- 0.0098  (geo 0.0170)
  opt 9: share 0.0600 +- 0.0329  (geo 0.1520)
  descent endpoint: median dist 0.0000, median f 6.457e-11, frac f <= 0.1 0.845
M14-D10-PIN01: dim 10, box [-5.0, 5.0], K = 10

== geometric (Voronoi) null, 1000 uniform draws
  opt 0: share 0.1220 +- 0.0203 (95% CI)
  opt 1: share 0.1920 +- 0.0244 (95% CI)
  opt 2: share 0.0170 +- 0.0080 (95% CI)
  opt 3: share 0.0900 +- 0.0177 (95% CI)
  opt 4: share 0.0940 +- 0.0181 (95% CI)
  opt 5: share 0.1480 +- 0.0220 (95% CI)
  opt 6: share 0.0700 +- 0.0158 (95% CI)
  opt 7: share 0.1230 +- 0.0204 (95% CI)
  opt 8: share 0.0790 +- 0.0167 (95% CI)
  opt 9: share 0.0650 +- 0.0153 (95% CI)

== descent null: 200 draws, 12500 evals each, sigma0 = 1.0, isotropic
  200 descents in 152.2s
  rows written to analysis/mmo2024/e172/null/M14-D10-PIN01_rl.csv
  opt 0: share 0.0700 +- 0.0354  (geo 0.1220)
  opt 1: share 0.1600 +- 0.0508  (geo 0.1920)
  opt 2: share 0.0050 +- 0.0098  (geo 0.0170)
  opt 3: share 0.1000 +- 0.0416  (geo 0.0900)
  opt 4: share 0.1200 +- 0.0450  (geo 0.0940)
  opt 5: share 0.2600 +- 0.0608  (geo 0.1480)
  opt 6: share 0.0450 +- 0.0287  (geo 0.0700)
  opt 7: share 0.0850 +- 0.0387  (geo 0.1230)
  opt 8: share 0.0600 +- 0.0329  (geo 0.0790)
  opt 9: share 0.0950 +- 0.0406  (geo 0.0650)
  descent endpoint: median dist 0.8419, median f 2.917, frac f <= 0.1 0.225
M15-D10-PIN01: dim 10, box [-5.0, 5.0], K = 10

== geometric (Voronoi) null, 1000 uniform draws
  opt 0: share 0.2100 +- 0.0252 (95% CI)
  opt 1: share 0.0960 +- 0.0183 (95% CI)
  opt 2: share 0.0050 +- 0.0044 (95% CI)
  opt 3: share 0.1310 +- 0.0209 (95% CI)
  opt 4: share 0.0790 +- 0.0167 (95% CI)
  opt 5: share 0.1130 +- 0.0196 (95% CI)
  opt 6: share 0.0870 +- 0.0175 (95% CI)
  opt 7: share 0.0730 +- 0.0161 (95% CI)
  opt 8: share 0.1100 +- 0.0194 (95% CI)
  opt 9: share 0.0960 +- 0.0183 (95% CI)

== descent null: 200 draws, 12500 evals each, sigma0 = 1.0, isotropic
  200 descents in 429.8s
  rows written to analysis/mmo2024/e172/null/M15-D10-PIN01_rl.csv
  opt 0: share 0.5500 +- 0.0689  (geo 0.2100)
  opt 1: share 0.2900 +- 0.0629  (geo 0.0960)
  opt 2: share 0.0050 +- 0.0098  (geo 0.0050)
  opt 3: share 0.0050 +- 0.0098  (geo 0.1310)
  opt 4: share 0.0150 +- 0.0168  (geo 0.0790)
  opt 5: share 0.0400 +- 0.0272  (geo 0.1130)
  opt 6: share 0.0100 +- 0.0138  (geo 0.0870)
  opt 7: share 0.0000 +- 0.0000  (geo 0.0730)
  opt 8: share 0.0850 +- 0.0387  (geo 0.1100)
  opt 9: share 0.0000 +- 0.0000  (geo 0.0960)
  descent endpoint: median dist 0.0000, median f 7.645e-12, frac f <= 0.1 0.910
M16-D10-PIN01: dim 10, box [-5.0, 5.0], K = 10

== geometric (Voronoi) null, 1000 uniform draws
  opt 0: share 0.2260 +- 0.0259 (95% CI)
  opt 1: share 0.0110 +- 0.0065 (95% CI)
  opt 2: share 0.0500 +- 0.0135 (95% CI)
  opt 3: share 0.0660 +- 0.0154 (95% CI)
  opt 4: share 0.1220 +- 0.0203 (95% CI)
  opt 5: share 0.1120 +- 0.0195 (95% CI)
  opt 6: share 0.0450 +- 0.0128 (95% CI)
  opt 7: share 0.1540 +- 0.0224 (95% CI)
  opt 8: share 0.0590 +- 0.0146 (95% CI)
  opt 9: share 0.1550 +- 0.0224 (95% CI)

== descent null: 200 draws, 12500 evals each, sigma0 = 1.0, isotropic
  200 descents in 309.7s
  rows written to analysis/mmo2024/e172/null/M16-D10-PIN01_rl.csv
  opt 0: share 0.3000 +- 0.0635  (geo 0.2260)
  opt 1: share 0.0200 +- 0.0194  (geo 0.0110)
  opt 2: share 0.0350 +- 0.0255  (geo 0.0500)
  opt 3: share 0.1500 +- 0.0495  (geo 0.0660)
  opt 4: share 0.0050 +- 0.0098  (geo 0.1220)
  opt 5: share 0.1900 +- 0.0544  (geo 0.1120)
  opt 6: share 0.1150 +- 0.0442  (geo 0.0450)
  opt 7: share 0.0800 +- 0.0376  (geo 0.1540)
  opt 8: share 0.0900 +- 0.0397  (geo 0.0590)
  opt 9: share 0.0150 +- 0.0168  (geo 0.1550)
  descent endpoint: median dist 0.0000, median f 7.638e-09, frac f <= 0.1 0.630
