MC-ESO       seed  300  400000 evals    49.6s  covered {'0.001': 65, '1e-05': 61}
MC-ESO       seed  200  400000 evals    49.8s  covered {'0.001': 62, '1e-05': 57}
MC-ESO       seed  100  400000 evals    50.1s  covered {'0.001': 75, '1e-05': 62}
MC-ESO       seed    0  400000 evals    50.1s  covered {'0.001': 59, '1e-05': 57}
MC-ESO       seed  500  400000 evals    47.3s  covered {'0.001': 65, '1e-05': 59}
MC-ESO       seed  400  400000 evals    47.6s  covered {'0.001': 63, '1e-05': 58}
MC-ESO       seed  700  400000 evals    48.0s  covered {'0.001': 63, '1e-05': 58}
MC-ESO       seed  600  400000 evals    48.3s  covered {'0.001': 70, '1e-05': 59}
MC-ESO       seed  800  400000 evals    49.5s  covered {'0.001': 67, '1e-05': 57}
MC-ESO       seed  900  400000 evals    49.4s  covered {'0.001': 75, '1e-05': 69}
MC-ESO       seed 1100  400000 evals    48.4s  covered {'0.001': 62, '1e-05': 52}
MC-ESO       seed 1000  400000 evals    48.8s  covered {'0.001': 68, '1e-05': 62}
MC-ESO       seed 1400  400000 evals    47.9s  covered {'0.001': 66, '1e-05': 58}
MC-ESO       seed 1300  400000 evals    48.1s  covered {'0.001': 64, '1e-05': 59}
MC-ESO-place seed    0  400000 evals    50.3s  covered {'0.001': 74, '1e-05': 68}
MC-ESO       seed 1200  400000 evals    51.0s  covered {'0.001': 66, '1e-05': 62}
MC-ESO-place seed  100  400000 evals    51.1s  covered {'0.001': 86, '1e-05': 77}
MC-ESO-place seed  200  400000 evals    51.6s  covered {'0.001': 86, '1e-05': 80}
MC-ESO-place seed  300  400000 evals    52.0s  covered {'0.001': 81, '1e-05': 77}
MC-ESO-place seed  400  400000 evals    53.7s  covered {'0.001': 80, '1e-05': 76}
MC-ESO-place seed  500  400000 evals    50.1s  covered {'0.001': 89, '1e-05': 83}
MC-ESO-place seed  600  400000 evals    49.9s  covered {'0.001': 76, '1e-05': 68}
MC-ESO-place seed  700  400000 evals    51.6s  covered {'0.001': 91, '1e-05': 85}
MC-ESO-place seed  800  400000 evals    50.3s  covered {'0.001': 88, '1e-05': 81}
MC-ESO-place seed  900  400000 evals    51.4s  covered {'0.001': 84, '1e-05': 79}
MC-ESO-place seed 1000  400000 evals    51.1s  covered {'0.001': 81, '1e-05': 75}
MC-ESO-place seed 1100  400000 evals    51.6s  covered {'0.001': 82, '1e-05': 74}
MC-ESO-place seed 1200  400000 evals    51.4s  covered {'0.001': 80, '1e-05': 76}
NM-Restart   seed    0  400000 evals    14.8s  covered {'0.001': 137, '1e-05': 137}
NM-Restart   seed  100  400000 evals    14.1s  covered {'0.001': 143, '1e-05': 143}
NM-Restart   seed  300  400000 evals    14.3s  covered {'0.001': 143, '1e-05': 143}
NM-Restart   seed  200  400000 evals    14.3s  covered {'0.001': 136, '1e-05': 136}
NM-Restart   seed  400  400000 evals    14.1s  covered {'0.001': 142, '1e-05': 142}
NM-Restart   seed  500  400000 evals    14.1s  covered {'0.001': 137, '1e-05': 137}
MC-ESO-place seed 1400  400000 evals    50.4s  covered {'0.001': 80, '1e-05': 76}
MC-ESO-place seed 1300  400000 evals    50.9s  covered {'0.001': 80, '1e-05': 75}
NM-Restart   seed  700  400000 evals    15.2s  covered {'0.001': 140, '1e-05': 140}
NM-Restart   seed  600  400000 evals    15.2s  covered {'0.001': 140, '1e-05': 140}
NM-Restart   seed  900  400000 evals    14.5s  covered {'0.001': 142, '1e-05': 142}
NM-Restart   seed  800  400000 evals    15.0s  covered {'0.001': 146, '1e-05': 146}
NM-Restart   seed 1000  400000 evals    14.4s  covered {'0.001': 143, '1e-05': 143}
NM-Restart   seed 1100  400000 evals    14.4s  covered {'0.001': 134, '1e-05': 134}
NM-Restart   seed 1300  400000 evals    13.9s  covered {'0.001': 139, '1e-05': 139}
NM-Restart   seed 1200  400000 evals    14.1s  covered {'0.001': 140, '1e-05': 140}
NM-Restart   seed 1400  400000 evals    14.5s  covered {'0.001': 143, '1e-05': 143}
NMMSO        seed    0  400000 evals    24.4s  covered {'0.001': 205, '1e-05': 205}
NMMSO        seed  200  400000 evals    24.2s  covered {'0.001': 202, '1e-05': 202}
NMMSO        seed  100  400000 evals    25.7s  covered {'0.001': 215, '1e-05': 215}
NMMSO        seed  300  400000 evals    24.5s  covered {'0.001': 213, '1e-05': 213}
NMMSO        seed  400  400000 evals    25.9s  covered {'0.001': 216, '1e-05': 216}
NMMSO        seed  500  400000 evals    24.8s  covered {'0.001': 208, '1e-05': 206}
NMMSO        seed  600  400000 evals    27.8s  covered {'0.001': 213, '1e-05': 213}
NMMSO        seed  700  400000 evals    25.5s  covered {'0.001': 215, '1e-05': 215}
NMMSO        seed  900  400000 evals    25.8s  covered {'0.001': 203, '1e-05': 203}
NMMSO        seed  800  400000 evals    26.4s  covered {'0.001': 216, '1e-05': 216}
NMMSO        seed 1000  400000 evals    26.3s  covered {'0.001': 212, '1e-05': 211}
NMMSO        seed 1100  400000 evals    25.5s  covered {'0.001': 211, '1e-05': 211}
NMMSO        seed 1300  400000 evals    24.6s  covered {'0.001': 208, '1e-05': 207}
NMMSO        seed 1200  400000 evals    25.1s  covered {'0.001': 214, '1e-05': 214}
NMMSO        seed 1400  400000 evals    24.7s  covered {'0.001': 214, '1e-05': 214}
rows written to analysis/hm/e64/n09_visits.csv
